// Vitest Snapshot v1, https://vitest.dev/guide/snapshot.html

exports[`Password > onSubmit 1`] = `"message: *****"`;

exports[`Password > render 1`] = `"message:"`;
